<?xml version="1.0" encoding="utf-8"?><testsuites name="pytest tests"><testsuite name="pytest" errors="0" failures="0" skipped="0" tests="0" time="0.007" timestamp="2026-08-04T19:59:46.312579+05:30" hostname="arun-Not-Specified" /></testsuites>